0 info it worked if it ends with ok
1 verbose cli [ '/usr/local/bin/node', '/usr/local/bin/npm', 'install' ]
2 info using npm@3.3.12
3 info using node@v5.1.0
4 silly loadCurrentTree Starting
5 silly install loadCurrentTree
6 silly install readLocalPackageData
7 silly install normalizeTree
8 silly loadCurrentTree Finishing
9 silly loadIdealTree Starting
10 silly install loadIdealTree
11 silly cloneCurrentTree Starting
12 silly install cloneCurrentTreeToIdealTree
13 silly cloneCurrentTree Finishing
14 silly loadShrinkwrap Starting
15 silly install loadShrinkwrap
16 silly loadShrinkwrap Finishing
17 silly loadAllDepsIntoIdealTree Starting
18 silly install loadAllDepsIntoIdealTree
19 silly fetchNamedPackageData @babel/core
20 silly mapToRegistry name @babel/core
21 silly mapToRegistry scope (from package name) @babel
22 verbose mapToRegistry no registry URL found in name for scope @babel
23 silly mapToRegistry using default registry
24 silly mapToRegistry registry https://registry.npmjs.org/
25 silly mapToRegistry uri https://registry.npmjs.org/@babel%2fcore
26 silly fetchNamedPackageData @babel/preset-env
27 silly mapToRegistry name @babel/preset-env
28 silly mapToRegistry scope (from package name) @babel
29 verbose mapToRegistry no registry URL found in name for scope @babel
30 silly mapToRegistry using default registry
31 silly mapToRegistry registry https://registry.npmjs.org/
32 silly mapToRegistry uri https://registry.npmjs.org/@babel%2fpreset-env
33 silly fetchNamedPackageData babel-jest
34 silly mapToRegistry name babel-jest
35 silly mapToRegistry using default registry
36 silly mapToRegistry registry https://registry.npmjs.org/
37 silly mapToRegistry uri https://registry.npmjs.org/babel-jest
38 silly fetchNamedPackageData jest
39 silly mapToRegistry name jest
40 silly mapToRegistry using default registry
41 silly mapToRegistry registry https://registry.npmjs.org/
42 silly mapToRegistry uri https://registry.npmjs.org/jest
43 silly fetchNamedPackageData puppeteer
44 silly mapToRegistry name puppeteer
45 silly mapToRegistry using default registry
46 silly mapToRegistry registry https://registry.npmjs.org/
47 silly mapToRegistry uri https://registry.npmjs.org/puppeteer
48 verbose request uri https://registry.npmjs.org/@babel%2fcore
49 verbose request no auth needed
50 info attempt registry request try #1 at 10:39:22 AM
51 verbose request id 21a8402fb085dd5d
52 http request GET https://registry.npmjs.org/@babel%2fcore
53 verbose request uri https://registry.npmjs.org/@babel%2fpreset-env
54 verbose request no auth needed
55 info attempt registry request try #1 at 10:39:22 AM
56 http request GET https://registry.npmjs.org/@babel%2fpreset-env
57 verbose request uri https://registry.npmjs.org/babel-jest
58 verbose request no auth needed
59 info attempt registry request try #1 at 10:39:22 AM
60 http request GET https://registry.npmjs.org/babel-jest
61 verbose request uri https://registry.npmjs.org/jest
62 verbose request no auth needed
63 info attempt registry request try #1 at 10:39:22 AM
64 http request GET https://registry.npmjs.org/jest
65 verbose request uri https://registry.npmjs.org/puppeteer
66 verbose request no auth needed
67 info attempt registry request try #1 at 10:39:22 AM
68 http request GET https://registry.npmjs.org/puppeteer
69 http 200 https://registry.npmjs.org/@babel%2fcore
70 verbose headers { date: 'Sat, 29 Nov 2025 17:39:22 GMT',
70 verbose headers   'content-type': 'application/json',
70 verbose headers   'transfer-encoding': 'chunked',
70 verbose headers   connection: 'keep-alive',
70 verbose headers   'content-encoding': 'gzip',
70 verbose headers   'cf-ray': '9a63e2534cb01f3a-DEN',
70 verbose headers   'cf-cache-status': 'HIT',
70 verbose headers   'access-control-allow-origin': '*',
70 verbose headers   age: '240',
70 verbose headers   'cache-control': 'public, max-age=300',
70 verbose headers   etag: 'W/"466b1626eda5dece99624bc565b9a101"',
70 verbose headers   'last-modified': 'Thu, 23 Oct 2025 15:17:54 GMT',
70 verbose headers   vary: 'accept-encoding, accept',
70 verbose headers   'set-cookie': [ '_cfuvid=cAK2UTFCbpzm0GDRDOELjVEiCSHqr.hE5pqJJW8PCZA-1764437962805-0.0.1.1-604800000; path=/; domain=.npmjs.org; HttpOnly; Secure; SameSite=None' ],
70 verbose headers   server: 'cloudflare' }
71 silly get cb [ 200,
71 silly get   { date: 'Sat, 29 Nov 2025 17:39:22 GMT',
71 silly get     'content-type': 'application/json',
71 silly get     'transfer-encoding': 'chunked',
71 silly get     connection: 'keep-alive',
71 silly get     'content-encoding': 'gzip',
71 silly get     'cf-ray': '9a63e2534cb01f3a-DEN',
71 silly get     'cf-cache-status': 'HIT',
71 silly get     'access-control-allow-origin': '*',
71 silly get     age: '240',
71 silly get     'cache-control': 'public, max-age=300',
71 silly get     etag: 'W/"466b1626eda5dece99624bc565b9a101"',
71 silly get     'last-modified': 'Thu, 23 Oct 2025 15:17:54 GMT',
71 silly get     vary: 'accept-encoding, accept',
71 silly get     'set-cookie': [ '_cfuvid=cAK2UTFCbpzm0GDRDOELjVEiCSHqr.hE5pqJJW8PCZA-1764437962805-0.0.1.1-604800000; path=/; domain=.npmjs.org; HttpOnly; Secure; SameSite=None' ],
71 silly get     server: 'cloudflare' } ]
72 verbose get saving @babel/core to /Users/amber/.npm/registry.npmjs.org/_40babel_252fcore/.cache.json
73 http 200 https://registry.npmjs.org/babel-jest
74 verbose headers { date: 'Sat, 29 Nov 2025 17:39:22 GMT',
74 verbose headers   'content-type': 'application/json',
74 verbose headers   'transfer-encoding': 'chunked',
74 verbose headers   connection: 'keep-alive',
74 verbose headers   'content-encoding': 'gzip',
74 verbose headers   'cf-ray': '9a63e2535a3de761-DEN',
74 verbose headers   'cf-cache-status': 'HIT',
74 verbose headers   'access-control-allow-origin': '*',
74 verbose headers   age: '201',
74 verbose headers   'cache-control': 'public, max-age=300',
74 verbose headers   etag: 'W/"c8cf5ed8b4cd4204f8b3d9c6c6f6e289"',
74 verbose headers   'last-modified': 'Sun, 28 Sep 2025 07:32:54 GMT',
74 verbose headers   vary: 'accept-encoding, accept',
74 verbose headers   'set-cookie': [ '_cfuvid=ukLT0ohgaXiXkD3DSooB87rGTW21JEDJPyWXDFfbmro-1764437962797-0.0.1.1-604800000; path=/; domain=.npmjs.org; HttpOnly; Secure; SameSite=None' ],
74 verbose headers   server: 'cloudflare' }
75 silly get cb [ 200,
75 silly get   { date: 'Sat, 29 Nov 2025 17:39:22 GMT',
75 silly get     'content-type': 'application/json',
75 silly get     'transfer-encoding': 'chunked',
75 silly get     connection: 'keep-alive',
75 silly get     'content-encoding': 'gzip',
75 silly get     'cf-ray': '9a63e2535a3de761-DEN',
75 silly get     'cf-cache-status': 'HIT',
75 silly get     'access-control-allow-origin': '*',
75 silly get     age: '201',
75 silly get     'cache-control': 'public, max-age=300',
75 silly get     etag: 'W/"c8cf5ed8b4cd4204f8b3d9c6c6f6e289"',
75 silly get     'last-modified': 'Sun, 28 Sep 2025 07:32:54 GMT',
75 silly get     vary: 'accept-encoding, accept',
75 silly get     'set-cookie': [ '_cfuvid=ukLT0ohgaXiXkD3DSooB87rGTW21JEDJPyWXDFfbmro-1764437962797-0.0.1.1-604800000; path=/; domain=.npmjs.org; HttpOnly; Secure; SameSite=None' ],
75 silly get     server: 'cloudflare' } ]
76 verbose get saving babel-jest to /Users/amber/.npm/registry.npmjs.org/babel-jest/.cache.json
77 verbose makeDirectory /Users/amber/.npm creation not in flight; initializing
78 silly makeDirectory /Users/amber/.npm uid: 501 gid: 20
79 verbose makeDirectory /Users/amber/.npm creation already in flight; waiting
80 http 200 https://registry.npmjs.org/jest
81 verbose headers { date: 'Sat, 29 Nov 2025 17:39:22 GMT',
81 verbose headers   'content-type': 'application/json',
81 verbose headers   'transfer-encoding': 'chunked',
81 verbose headers   connection: 'keep-alive',
81 verbose headers   'content-encoding': 'gzip',
81 verbose headers   'cf-ray': '9a63e2535954e775-DEN',
81 verbose headers   'cf-cache-status': 'HIT',
81 verbose headers   'access-control-allow-origin': '*',
81 verbose headers   age: '239',
81 verbose headers   'cache-control': 'public, max-age=300',
81 verbose headers   etag: 'W/"6a9da5c9bb12f313c634443a4adfe75e"',
81 verbose headers   'last-modified': 'Sun, 28 Sep 2025 07:33:13 GMT',
81 verbose headers   vary: 'accept-encoding, accept',
81 verbose headers   'set-cookie': [ '_cfuvid=1m_Pkeqk9lF3JsPoe0P4GAfwLUEBR6vqIqJLhxG2U6U-1764437962802-0.0.1.1-604800000; path=/; domain=.npmjs.org; HttpOnly; Secure; SameSite=None' ],
81 verbose headers   server: 'cloudflare' }
82 silly get cb [ 200,
82 silly get   { date: 'Sat, 29 Nov 2025 17:39:22 GMT',
82 silly get     'content-type': 'application/json',
82 silly get     'transfer-encoding': 'chunked',
82 silly get     connection: 'keep-alive',
82 silly get     'content-encoding': 'gzip',
82 silly get     'cf-ray': '9a63e2535954e775-DEN',
82 silly get     'cf-cache-status': 'HIT',
82 silly get     'access-control-allow-origin': '*',
82 silly get     age: '239',
82 silly get     'cache-control': 'public, max-age=300',
82 silly get     etag: 'W/"6a9da5c9bb12f313c634443a4adfe75e"',
82 silly get     'last-modified': 'Sun, 28 Sep 2025 07:33:13 GMT',
82 silly get     vary: 'accept-encoding, accept',
82 silly get     'set-cookie': [ '_cfuvid=1m_Pkeqk9lF3JsPoe0P4GAfwLUEBR6vqIqJLhxG2U6U-1764437962802-0.0.1.1-604800000; path=/; domain=.npmjs.org; HttpOnly; Secure; SameSite=None' ],
82 silly get     server: 'cloudflare' } ]
83 verbose get saving jest to /Users/amber/.npm/registry.npmjs.org/jest/.cache.json
84 silly resolveWithNewModule babel-jest@30.2.0 checking installable status
85 warn engine babel-jest@30.2.0: wanted: {"node":"^18.14.0 || ^20.0.0 || ^22.0.0 || >=24.0.0"} (current: {"node":"5.1.0","npm":"3.3.12"})
86 silly cache add args [ 'babel-jest@^30.2.0', null ]
87 verbose cache add spec babel-jest@^30.2.0
88 silly cache add parsed spec Result {
88 silly cache add   raw: 'babel-jest@^30.2.0',
88 silly cache add   scope: null,
88 silly cache add   name: 'babel-jest',
88 silly cache add   rawSpec: '^30.2.0',
88 silly cache add   spec: '>=30.2.0 <31.0.0',
88 silly cache add   type: 'range' }
89 silly addNamed babel-jest@>=30.2.0 <31.0.0
90 verbose addNamed ">=30.2.0 <31.0.0" is a valid semver range for babel-jest
91 silly addNameRange { name: 'babel-jest', range: '>=30.2.0 <31.0.0', hasData: false }
92 silly mapToRegistry name babel-jest
93 silly mapToRegistry using default registry
94 silly mapToRegistry registry https://registry.npmjs.org/
95 silly mapToRegistry uri https://registry.npmjs.org/babel-jest
96 verbose addNameRange registry:https://registry.npmjs.org/babel-jest not in flight; fetching
97 silly resolveWithNewModule jest@30.2.0 checking installable status
98 warn engine jest@30.2.0: wanted: {"node":"^18.14.0 || ^20.0.0 || ^22.0.0 || >=24.0.0"} (current: {"node":"5.1.0","npm":"3.3.12"})
99 silly cache add args [ 'jest@^30.2.0', null ]
100 verbose cache add spec jest@^30.2.0
101 silly cache add parsed spec Result {
101 silly cache add   raw: 'jest@^30.2.0',
101 silly cache add   scope: null,
101 silly cache add   name: 'jest',
101 silly cache add   rawSpec: '^30.2.0',
101 silly cache add   spec: '>=30.2.0 <31.0.0',
101 silly cache add   type: 'range' }
102 silly addNamed jest@>=30.2.0 <31.0.0
103 verbose addNamed ">=30.2.0 <31.0.0" is a valid semver range for jest
104 silly addNameRange { name: 'jest', range: '>=30.2.0 <31.0.0', hasData: false }
105 silly mapToRegistry name jest
106 silly mapToRegistry using default registry
107 silly mapToRegistry registry https://registry.npmjs.org/
108 silly mapToRegistry uri https://registry.npmjs.org/jest
109 verbose addNameRange registry:https://registry.npmjs.org/jest not in flight; fetching
110 verbose stack Error: Missing required argument #1
110 verbose stack     at andLogAndFinish (/usr/local/lib/node_modules/npm/lib/fetch-package-metadata.js:31:3)
110 verbose stack     at fetchPackageMetadata (/usr/local/lib/node_modules/npm/lib/fetch-package-metadata.js:51:22)
110 verbose stack     at resolveWithNewModule (/usr/local/lib/node_modules/npm/lib/install/deps.js:445:12)
110 verbose stack     at /usr/local/lib/node_modules/npm/lib/install/deps.js:446:7
110 verbose stack     at /usr/local/lib/node_modules/npm/node_modules/iferr/index.js:13:50
110 verbose stack     at /usr/local/lib/node_modules/npm/lib/fetch-package-metadata.js:37:12
110 verbose stack     at addRequestedAndFinish (/usr/local/lib/node_modules/npm/lib/fetch-package-metadata.js:82:5)
110 verbose stack     at returnAndAddMetadata (/usr/local/lib/node_modules/npm/lib/fetch-package-metadata.js:117:7)
110 verbose stack     at pickVersionFromRegistryDocument (/usr/local/lib/node_modules/npm/lib/fetch-package-metadata.js:134:20)
110 verbose stack     at /usr/local/lib/node_modules/npm/node_modules/iferr/index.js:13:50
111 verbose cwd /Users/amber/workspace/chrome-tabs/chrome-extension
112 error Darwin 24.6.0
113 error argv "/usr/local/bin/node" "/usr/local/bin/npm" "install"
114 error node v5.1.0
115 error npm  v3.3.12
116 error code EMISSINGARG
117 error typeerror Error: Missing required argument #1
117 error typeerror     at andLogAndFinish (/usr/local/lib/node_modules/npm/lib/fetch-package-metadata.js:31:3)
117 error typeerror     at fetchPackageMetadata (/usr/local/lib/node_modules/npm/lib/fetch-package-metadata.js:51:22)
117 error typeerror     at resolveWithNewModule (/usr/local/lib/node_modules/npm/lib/install/deps.js:445:12)
117 error typeerror     at /usr/local/lib/node_modules/npm/lib/install/deps.js:446:7
117 error typeerror     at /usr/local/lib/node_modules/npm/node_modules/iferr/index.js:13:50
117 error typeerror     at /usr/local/lib/node_modules/npm/lib/fetch-package-metadata.js:37:12
117 error typeerror     at addRequestedAndFinish (/usr/local/lib/node_modules/npm/lib/fetch-package-metadata.js:82:5)
117 error typeerror     at returnAndAddMetadata (/usr/local/lib/node_modules/npm/lib/fetch-package-metadata.js:117:7)
117 error typeerror     at pickVersionFromRegistryDocument (/usr/local/lib/node_modules/npm/lib/fetch-package-metadata.js:134:20)
117 error typeerror     at /usr/local/lib/node_modules/npm/node_modules/iferr/index.js:13:50
117 error typeerror This is an error with npm itself. Please report this error at:
117 error typeerror     <http://github.com/npm/npm/issues>
118 verbose exit [ 1, true ]
